
✅ Celsia API v3.0 corriendo en http://localhost:3001
   Portal: http://localhost:3001/factura.html


[Celsia] Búsqueda document: 1144163847
  [2captcha] Enviando tarea Turnstile...
  [2captcha] Tarea creada id=83794832329, esperando resolución...

[Celsia] Búsqueda document: 111111
  [2captcha] Enviando tarea Turnstile...
  [2captcha] Tarea creada id=83794832974, esperando resolución...
  [2captcha] ✅ Token obtenido en 6s
  [Celsia] Buscando document: 1144163847...
  [2captcha] ✅ Token obtenido en 6s
  [Celsia] Buscando document: 111111...

[Celsia] Búsqueda document: 1114814050
  [2captcha] Enviando tarea Turnstile...
  [2captcha] Tarea creada id=83794840271, esperando resolución...
  [2captcha] ✅ Token obtenido en 6s
  [Celsia] Buscando document: 1114814050...

[Celsia] Búsqueda document: 1114814050
  [2captcha] Enviando tarea Turnstile...
  [2captcha] Tarea creada id=83795014831, esperando resolución...
  [2captcha] ✅ Token obtenido en 18s
  [Celsia] Buscando document: 1114814050...

[Celsia] Búsqueda document: 1114814050
  [2captcha] Enviando tarea Turnstile...
  [2captcha] Tarea creada id=83795156253, esperando resolución...
  [2captcha] ✅ Token obtenido en 6s
  [Celsia] Buscando document: 1114814050...
